Archive member included because of file (symbol)

c:/freescale/kds_v3/toolchain/bin/../lib/gcc/arm-none-eabi/4.8.4/armv6-m\libgcc.a(_udivsi3.o)
                              ./Sources/main.o (__aeabi_uidivmod)
c:/freescale/kds_v3/toolchain/bin/../lib/gcc/arm-none-eabi/4.8.4/armv6-m\libgcc.a(_dvmd_tls.o)
                              c:/freescale/kds_v3/toolchain/bin/../lib/gcc/arm-none-eabi/4.8.4/armv6-m\libgcc.a(_udivsi3.o) (__aeabi_idiv0)
c:/freescale/kds_v3/toolchain/bin/../lib/gcc/arm-none-eabi/4.8.4/armv6-m\libgcc.a(_arm_cmpsf2.o)
                              ./Generated_Code/PwmLdd1.o (__aeabi_fcmpgt)
c:/freescale/kds_v3/toolchain/bin/../lib/gcc/arm-none-eabi/4.8.4/armv6-m\libgcc.a(_fixunssfsi.o)
                              ./Generated_Code/PwmLdd1.o (__aeabi_f2uiz)
c:/freescale/kds_v3/toolchain/bin/../lib/gcc/arm-none-eabi/4.8.4/armv6-m\libgcc.a(eqsf2.o)
                              c:/freescale/kds_v3/toolchain/bin/../lib/gcc/arm-none-eabi/4.8.4/armv6-m\libgcc.a(_arm_cmpsf2.o) (__eqsf2)
c:/freescale/kds_v3/toolchain/bin/../lib/gcc/arm-none-eabi/4.8.4/armv6-m\libgcc.a(gesf2.o)
                              c:/freescale/kds_v3/toolchain/bin/../lib/gcc/arm-none-eabi/4.8.4/armv6-m\libgcc.a(_arm_cmpsf2.o) (__gesf2)
c:/freescale/kds_v3/toolchain/bin/../lib/gcc/arm-none-eabi/4.8.4/armv6-m\libgcc.a(lesf2.o)
                              c:/freescale/kds_v3/toolchain/bin/../lib/gcc/arm-none-eabi/4.8.4/armv6-m\libgcc.a(_arm_cmpsf2.o) (__lesf2)
c:/freescale/kds_v3/toolchain/bin/../lib/gcc/arm-none-eabi/4.8.4/armv6-m\libgcc.a(mulsf3.o)
                              ./Generated_Code/PwmLdd1.o (__aeabi_fmul)
c:/freescale/kds_v3/toolchain/bin/../lib/gcc/arm-none-eabi/4.8.4/armv6-m\libgcc.a(subsf3.o)
                              c:/freescale/kds_v3/toolchain/bin/../lib/gcc/arm-none-eabi/4.8.4/armv6-m\libgcc.a(_fixunssfsi.o) (__aeabi_fsub)
c:/freescale/kds_v3/toolchain/bin/../lib/gcc/arm-none-eabi/4.8.4/armv6-m\libgcc.a(fixsfsi.o)
                              c:/freescale/kds_v3/toolchain/bin/../lib/gcc/arm-none-eabi/4.8.4/armv6-m\libgcc.a(_fixunssfsi.o) (__aeabi_f2iz)
c:/freescale/kds_v3/toolchain/bin/../lib/gcc/arm-none-eabi/4.8.4/armv6-m\libgcc.a(floatsisf.o)
                              ./Generated_Code/PwmLdd1.o (__aeabi_i2f)
c:/freescale/kds_v3/toolchain/bin/../lib/gcc/arm-none-eabi/4.8.4/armv6-m\libgcc.a(_clzsi2.o)
                              c:/freescale/kds_v3/toolchain/bin/../lib/gcc/arm-none-eabi/4.8.4/armv6-m\libgcc.a(mulsf3.o) (__clzsi2)
c:/freescale/kds_v3/toolchain/bin/../lib/gcc/arm-none-eabi/4.8.4/../../../../arm-none-eabi/lib/armv6-m\libg_s.a(lib_a-exit.o)
                              c:/freescale/kds_v3/toolchain/bin/../lib/gcc/arm-none-eabi/4.8.4/../../../../arm-none-eabi/lib/armv6-m/crt0.o (exit)
c:/freescale/kds_v3/toolchain/bin/../lib/gcc/arm-none-eabi/4.8.4/../../../../arm-none-eabi/lib/armv6-m\libg_s.a(lib_a-impure.o)
                              c:/freescale/kds_v3/toolchain/bin/../lib/gcc/arm-none-eabi/4.8.4/../../../../arm-none-eabi/lib/armv6-m\libg_s.a(lib_a-exit.o) (_global_impure_ptr)
c:/freescale/kds_v3/toolchain/bin/../lib/gcc/arm-none-eabi/4.8.4/../../../../arm-none-eabi/lib/armv6-m\libg_s.a(lib_a-init.o)
                              c:/freescale/kds_v3/toolchain/bin/../lib/gcc/arm-none-eabi/4.8.4/../../../../arm-none-eabi/lib/armv6-m/crt0.o (__libc_init_array)
c:/freescale/kds_v3/toolchain/bin/../lib/gcc/arm-none-eabi/4.8.4/../../../../arm-none-eabi/lib/armv6-m\libg_s.a(lib_a-memset.o)
                              c:/freescale/kds_v3/toolchain/bin/../lib/gcc/arm-none-eabi/4.8.4/../../../../arm-none-eabi/lib/armv6-m/crt0.o (memset)
c:/freescale/kds_v3/toolchain/bin/../lib/gcc/arm-none-eabi/4.8.4/../../../../arm-none-eabi/lib/armv6-m\libnosys.a(_exit.o)
                              c:/freescale/kds_v3/toolchain/bin/../lib/gcc/arm-none-eabi/4.8.4/../../../../arm-none-eabi/lib/armv6-m\libg_s.a(lib_a-exit.o) (_exit)

Allocating common symbols
Common symbol       size              file

ASerialLdd1_DeviceDataPtr
                    0x4               ./Generated_Code/AS1.o
AD1_OutV            0x2               ./Generated_Code/AD1.o
AdcLdd1_DeviceDataPtr
                    0x4               ./Generated_Code/AD1.o
SR_reg              0x1               ./Generated_Code/Cpu.o
thing               0x1               ./Sources/main.o

Discarded input sections

 .text          0x00000000        0x0 c:/freescale/kds_v3/toolchain/bin/../lib/gcc/arm-none-eabi/4.8.4/armv6-m/crti.o
 .data          0x00000000        0x0 c:/freescale/kds_v3/toolchain/bin/../lib/gcc/arm-none-eabi/4.8.4/armv6-m/crti.o
 .bss           0x00000000        0x0 c:/freescale/kds_v3/toolchain/bin/../lib/gcc/arm-none-eabi/4.8.4/armv6-m/crti.o
 .data          0x00000000        0x4 c:/freescale/kds_v3/toolchain/bin/../lib/gcc/arm-none-eabi/4.8.4/armv6-m/crtbegin.o
 .data          0x00000000        0x0 c:/freescale/kds_v3/toolchain/bin/../lib/gcc/arm-none-eabi/4.8.4/../../../../arm-none-eabi/lib/armv6-m/crt0.o
[...]
Memory Configuration

Name             Origin             Length             Attributes
m_interrupts     0x00000000         0x000000c0         xr
m_text           0x00000410         0x0001fbf0         xr
m_data           0x1ffff000         0x00004000         rw
m_cfmprotrom     0x00000400         0x00000010         xr
*default*        0x00000000         0xffffffff

Linker script and memory map

LOAD c:/freescale/kds_v3/toolchain/bin/../lib/gcc/arm-none-eabi/4.8.4/armv6-m/crti.o
LOAD c:/freescale/kds_v3/toolchain/bin/../lib/gcc/arm-none-eabi/4.8.4/armv6-m/crtbegin.o
LOAD c:/freescale/kds_v3/toolchain/bin/../lib/gcc/arm-none-eabi/4.8.4/../../../../arm-none-eabi/lib/armv6-m/crt0.o
LOAD ./Sources/Events.o
LOAD ./Sources/main.o
LOAD ./Project_Settings/Startup_Code/startup.o
LOAD ./Generated_Code/AD1.o
LOAD ./Generated_Code/AS1.o
LOAD ./Generated_Code/ASerialLdd1.o
LOAD ./Generated_Code/AdcLdd1.o
LOAD ./Generated_Code/Bit1.o
LOAD ./Generated_Code/Cpu.o
LOAD ./Generated_Code/PE_LDD.o
LOAD ./Generated_Code/PWM1.o
LOAD ./Generated_Code/PWM2.o
LOAD ./Generated_Code/PwmLdd1.o
LOAD ./Generated_Code/PwmLdd2.o
LOAD ./Generated_Code/TU1.o
LOAD ./Generated_Code/TU2.o
LOAD ./Generated_Code/Vectors.o
LOAD c:/freescale/kds_v3/toolchain/bin/../lib/gcc/arm-none-eabi/4.8.4/../../../../arm-none-eabi/lib/armv6-m\libstdc++_s.a
LOAD c:/freescale/kds_v3/toolchain/bin/../lib/gcc/arm-none-eabi/4.8.4/../../../../arm-none-eabi/lib/armv6-m\libm.a
START GROUP
LOAD c:/freescale/kds_v3/toolchain/bin/../lib/gcc/arm-none-eabi/4.8.4/armv6-m\libgcc.a
LOAD c:/freescale/kds_v3/toolchain/bin/../lib/gcc/arm-none-eabi/4.8.4/../../../../arm-none-eabi/lib/armv6-m\libg_s.a
LOAD c:/freescale/kds_v3/toolchain/bin/../lib/gcc/arm-none-eabi/4.8.4/../../../../arm-none-eabi/lib/armv6-m\libc_s.a
END GROUP
START GROUP
LOAD c:/freescale/kds_v3/toolchain/bin/../lib/gcc/arm-none-eabi/4.8.4/armv6-m\libgcc.a
LOAD c:/freescale/kds_v3/toolchain/bin/../lib/gcc/arm-none-eabi/4.8.4/../../../../arm-none-eabi/lib/armv6-m\libc_s.a
LOAD c:/freescale/kds_v3/toolchain/bin/../lib/gcc/arm-none-eabi/4.8.4/../../../../arm-none-eabi/lib/armv6-m\libnosys.a
END GROUP
START GROUP
LOAD c:/freescale/kds_v3/toolchain/bin/../lib/gcc/arm-none-eabi/4.8.4/armv6-m\libgcc.a
LOAD c:/freescale/kds_v3/toolchain/bin/../lib/gcc/arm-none-eabi/4.8.4/../../../../arm-none-eabi/lib/armv6-m\libc_s.a
LOAD c:/freescale/kds_v3/toolchain/bin/../lib/gcc/arm-none-eabi/4.8.4/../../../../arm-none-eabi/lib/armv6-m\libnosys.a
END GROUP
LOAD c:/freescale/kds_v3/toolchain/bin/../lib/gcc/arm-none-eabi/4.8.4/armv6-m/crtend.o
LOAD c:/freescale/kds_v3/toolchain/bin/../lib/gcc/arm-none-eabi/4.8.4/armv6-m/crtn.o
                0x20003000                _estack = 0x20003000
                0x20003000                __SP_INIT = _estack
                0x20003000                __stack = _estack
                0x00000000                __heap_size = 0x0
                0x00000400                __stack_size = 0x400

.interrupts     0x00000000       0xc0
                0x00000000                __vector_table = .
                0x00000000                . = ALIGN (0x4)
 *(.vectortable)
 .vectortable   0x00000000       0xc0 ./Generated_Code/Vectors.o
                0x00000000                __vect_table
                0x000000c0                . = ALIGN (0x4)

.cfmprotect     0x00000400       0x10
                0x00000400                . = ALIGN (0x4)
 *(.cfmconfig)
 .cfmconfig     0x00000400       0x10 ./Generated_Code/Cpu.o
                0x00000400                _cfm
                0x00000410                . = ALIGN (0x4)

.text           0x00000410     0x19cc
                0x00000410                . = ALIGN (0x4)
 *(.text)
 .text          0x00000410       0x60 c:/freescale/kds_v3/toolchain/bin/../lib/gcc/arm-none-eabi/4.8.4/armv6-m/crtbegin.o
 .text          0x00000470       0x78 c:/freescale/kds_v3/toolchain/bin/../lib/gcc/arm-none-eabi/4.8.4/../../../../arm-none-eabi/lib/armv6-m/crt0.o
                0x00000470                _start
                0x00000470                _mainCRTStartup
 .text          0x000004e8       0x9c c:/freescale/kds_v3/toolchain/bin/../lib/gcc/arm-none-eabi/4.8.4/armv6-m\libgcc.a(_udivsi3.o)
                0x000004e8                __aeabi_uidiv
                0x000004e8                __udivsi3
                0x00000570                __aeabi_uidivmod
 .text          0x00000584        0x4 c:/freescale/kds_v3/toolchain/bin/../lib/gcc/arm-none-eabi/4.8.4/armv6-m\libgcc.a(_dvmd_tls.o)
                0x00000584                __aeabi_idiv0
                0x00000584                __aeabi_ldiv0
 *(.text*)
 .text.Cpu_OnNMIINT
                0x00000588        0x8 ./Sources/Events.o
                0x00000588                Cpu_OnNMIINT
 .text.PWM1_OnEnd
                0x00000590       0x20 ./Sources/Events.o
                0x00000590                PWM1_OnEnd
 .text.PWM2_OnEnd
                0x000005b0       0x20 ./Sources/Events.o
                0x000005b0                PWM2_OnEnd
 .text.AS1_OnError
                0x000005d0        0x8 ./Sources/Events.o
                0x000005d0                AS1_OnError
 .text.AS1_OnRxChar
                0x000005d8        0x8 ./Sources/Events.o
                0x000005d8                AS1_OnRxChar
 .text.AS1_OnTxChar
                0x000005e0        0x8 ./Sources/Events.o
                0x000005e0                AS1_OnTxChar
 .text.AS1_OnFullRxBuf
                0x000005e8        0x8 ./Sources/Events.o
                0x000005e8                AS1_OnFullRxBuf
 .text.AS1_OnFreeTxBuf
                0x000005f0        0x8 ./Sources/Events.o
                0x000005f0                AS1_OnFreeTxBuf
 .text.AD1_OnEnd
                0x000005f8        0x8 ./Sources/Events.o
                0x000005f8                AD1_OnEnd
 .text.AD1_OnCalibrationEnd
                0x00000600        0x8 ./Sources/Events.o
                0x00000600                AD1_OnCalibrationEnd
 .text.main     0x00000608       0x38 ./Sources/main.o
                0x00000608                main
 .text.__copy_rom_section
                0x00000640       0xd8 ./Project_Settings/Startup_Code/startup.o
                0x00000640                __copy_rom_section
 .text.__copy_rom_sections_to_ram
                0x00000718       0x98 ./Project_Settings/Startup_Code/startup.o
                0x00000718                __copy_rom_sections_to_ram
 .text.__init_registers
                0x000007b0        0x8 ./Project_Settings/Startup_Code/startup.o
                0x000007b0                __init_registers
 .text.__init_user
                0x000007b8        0x8 ./Project_Settings/Startup_Code/startup.o
                0x000007b8                __init_user
 .text.__thumb_startup
                0x000007c0       0x30 ./Project_Settings/Startup_Code/startup.o
                0x000007c0                __thumb_startup
 .text.AD1_HWEnDi
                0x000007f0       0x48 ./Generated_Code/AD1.o
                0x000007f0                AD1_HWEnDi
 .text.AD1_Measure
                0x00000838       0x48 ./Generated_Code/AD1.o
                0x00000838                AD1_Measure
 .text.AdcLdd1_OnMeasurementComplete
                0x00000880       0x5c ./Generated_Code/AD1.o
                0x00000880                AdcLdd1_OnMeasurementComplete
 .text.AD1_Init
                0x000008dc       0x2c ./Generated_Code/AD1.o
                0x000008dc                AD1_Init
 .text.HWEnDi   0x00000908       0x20 ./Generated_Code/AS1.o
 .text.AS1_SendChar
                0x00000928       0xe8 ./Generated_Code/AS1.o
                0x00000928                AS1_SendChar
 .text.AS1_Init
                0x00000a10       0x64 ./Generated_Code/AS1.o
                0x00000a10                AS1_Init
 .text.ASerialLdd1_OnBlockReceived
                0x00000a74       0xc0 ./Generated_Code/AS1.o
                0x00000a74                ASerialLdd1_OnBlockReceived
 .text.ASerialLdd1_OnBlockSent
                0x00000b34       0xe8 ./Generated_Code/AS1.o
                0x00000b34                ASerialLdd1_OnBlockSent
 .text.ASerialLdd1_OnError
                0x00000c1c       0x94 ./Generated_Code/AS1.o
                0x00000c1c                ASerialLdd1_OnError
 .text.ASerialLdd1_OnBreak
                0x00000cb0       0x20 ./Generated_Code/AS1.o
                0x00000cb0                ASerialLdd1_OnBreak
 .text.ASerialLdd1_Init
                0x00000cd0      0x1c4 ./Generated_Code/ASerialLdd1.o
                0x00000cd0                ASerialLdd1_Init
 .text.ASerialLdd1_ReceiveBlock
                0x00000e94       0x98 ./Generated_Code/ASerialLdd1.o
                0x00000e94                ASerialLdd1_ReceiveBlock
 .text.ASerialLdd1_SendBlock
                0x00000f2c       0xc4 ./Generated_Code/ASerialLdd1.o
                0x00000f2c                ASerialLdd1_SendBlock
 .text.InterruptRx
                0x00000ff0       0x58 ./Generated_Code/ASerialLdd1.o
 .text.InterruptTx
                0x00001048       0x80 ./Generated_Code/ASerialLdd1.o
 .text.ASerialLdd1_Interrupt
                0x000010c8       0xec ./Generated_Code/ASerialLdd1.o
                0x000010c8                ASerialLdd1_Interrupt
 .text.ASerialLdd1_GetError
                0x000011b4       0x74 ./Generated_Code/ASerialLdd1.o
                0x000011b4                ASerialLdd1_GetError
 .text.AdcLdd1_Init
                0x00001228       0xb8 ./Generated_Code/AdcLdd1.o
                0x00001228                AdcLdd1_Init
 .text.AdcLdd1_StartSingleMeasurement
                0x000012e0       0x44 ./Generated_Code/AdcLdd1.o
                0x000012e0                AdcLdd1_StartSingleMeasurement
 .text.AdcLdd1_CreateSampleGroup
                0x00001324       0x64 ./Generated_Code/AdcLdd1.o
                0x00001324                AdcLdd1_CreateSampleGroup
 .text.AdcLdd1_GetMeasuredValues
                0x00001388       0x60 ./Generated_Code/AdcLdd1.o
                0x00001388                AdcLdd1_GetMeasuredValues
 .text.AdcLdd1_GetCalibrationResultStatus
                0x000013e8       0xb8 ./Generated_Code/AdcLdd1.o
                0x000013e8                AdcLdd1_GetCalibrationResultStatus
 .text.AdcLdd1_MeasurementCompleteInterrupt
                0x000014a0       0x30 ./Generated_Code/AdcLdd1.o
                0x000014a0                AdcLdd1_MeasurementCompleteInterrupt
 .text.Bit1_Init
                0x000014d0       0x58 ./Generated_Code/Bit1.o
                0x000014d0                Bit1_Init
 .text.Cpu_INT_NMIInterrupt
                0x00001528        0xc ./Generated_Code/Cpu.o
                0x00001528                Cpu_INT_NMIInterrupt
 .text.Cpu_Interrupt
                0x00001534        0xc ./Generated_Code/Cpu.o
                0x00001534                Cpu_Interrupt
 .text.__init_hardware
                0x00001540      0x110 ./Generated_Code/Cpu.o
                0x00001540                __init_hardware
 .text.PE_low_level_init
                0x00001650       0xe4 ./Generated_Code/Cpu.o
                0x00001650                PE_low_level_init
 .text.PwmLdd1_OnEnd
                0x00001734       0x14 ./Generated_Code/PWM1.o
                0x00001734                PwmLdd1_OnEnd
 .text.PwmLdd2_OnEnd
                0x00001748       0x14 ./Generated_Code/PWM2.o
                0x00001748                PwmLdd2_OnEnd
 .text.PwmLdd1_Init
                0x0000175c       0x58 ./Generated_Code/PwmLdd1.o
                0x0000175c                PwmLdd1_Init
 .text.PwmLdd1_SetRatio16
                0x000017b4       0x2c ./Generated_Code/PwmLdd1.o
                0x000017b4                PwmLdd1_SetRatio16
 .text.TU1_OnCounterRestart
                0x000017e0       0x24 ./Generated_Code/PwmLdd1.o
                0x000017e0                TU1_OnCounterRestart
 .text.SetRatio
                0x00001804       0x68 ./Generated_Code/PwmLdd1.o
 .text.PwmLdd2_Init
                0x0000186c       0x58 ./Generated_Code/PwmLdd2.o
                0x0000186c                PwmLdd2_Init
 .text.PwmLdd2_SetRatio16
                0x000018c4       0x2c ./Generated_Code/PwmLdd2.o
                0x000018c4                PwmLdd2_SetRatio16
 .text.TU2_OnCounterRestart
                0x000018f0       0x24 ./Generated_Code/PwmLdd2.o
                0x000018f0                TU2_OnCounterRestart
 .text.SetRatio
                0x00001914       0x68 ./Generated_Code/PwmLdd2.o
 .text.TU1_Init
                0x0000197c      0x100 ./Generated_Code/TU1.o
                0x0000197c                TU1_Init
 .text.TU1_GetPeriodTicks
                0x00001a7c       0x3c ./Generated_Code/TU1.o
                0x00001a7c                TU1_GetPeriodTicks
 .text.TU1_SetOffsetTicks
                0x00001ab8       0x44 ./Generated_Code/TU1.o
                0x00001ab8                TU1_SetOffsetTicks
 .text.TU1_Interrupt
                0x00001afc       0x5c ./Generated_Code/TU1.o
                0x00001afc                TU1_Interrupt
 .text.TU2_Init
                0x00001b58       0xfc ./Generated_Code/TU2.o
                0x00001b58                TU2_Init
 .text.TU2_GetPeriodTicks
                0x00001c54       0x3c ./Generated_Code/TU2.o
                0x00001c54                TU2_GetPeriodTicks
 .text.TU2_SetOffsetTicks
                0x00001c90       0x44 ./Generated_Code/TU2.o
                0x00001c90                TU2_SetOffsetTicks
 .text.TU2_Interrupt
                0x00001cd4       0x5c ./Generated_Code/TU2.o
                0x00001cd4                TU2_Interrupt
 .text.exit     0x00001d30       0x2c c:/freescale/kds_v3/toolchain/bin/../lib/gcc/arm-none-eabi/4.8.4/../../../../arm-none-eabi/lib/armv6-m\libg_s.a(lib_a-exit.o)
                0x00001d30                exit
 .text.__libc_init_array
                0x00001d5c       0x4c c:/freescale/kds_v3/toolchain/bin/../lib/gcc/arm-none-eabi/4.8.4/../../../../arm-none-eabi/lib/armv6-m\libg_s.a(lib_a-init.o)
                0x00001d5c                __libc_init_array
 .text.memset   0x00001da8       0x10 c:/freescale/kds_v3/toolchain/bin/../lib/gcc/arm-none-eabi/4.8.4/../../../../arm-none-eabi/lib/armv6-m\libg_s.a(lib_a-memset.o)
                0x00001da8                memset
 .text._exit    0x00001db8        0x4 c:/freescale/kds_v3/toolchain/bin/../lib/gcc/arm-none-eabi/4.8.4/../../../../arm-none-eabi/lib/armv6-m\libnosys.a(_exit.o)
                0x00001db8                _exit
 *(.rodata)
 *(.rodata*)
 .rodata.str1.1
                0x00001dbc        0x2 c:/freescale/kds_v3/toolchain/bin/../lib/gcc/arm-none-eabi/4.8.4/../../../../arm-none-eabi/lib/armv6-m\libg_s.a(lib_a-impure.o)
 *fill*         0x00001dbe        0x2 
 .rodata._global_impure_ptr
                0x00001dc0        0x4 c:/freescale/kds_v3/toolchain/bin/../lib/gcc/arm-none-eabi/4.8.4/../../../../arm-none-eabi/lib/armv6-m\libg_s.a(lib_a-impure.o)
                0x00001dc0                _global_impure_ptr
 *(.glue_7)
 .glue_7        0x00000000        0x0 linker stubs
 *(.glue_7t)
 .glue_7t       0x00000000        0x0 linker stubs
 *(.eh_frame)
 .eh_frame      0x00001dc4        0x0 c:/freescale/kds_v3/toolchain/bin/../lib/gcc/arm-none-eabi/4.8.4/armv6-m/crtbegin.o
 *(.init)
 .init          0x00001dc4        0x4 c:/freescale/kds_v3/toolchain/bin/../lib/gcc/arm-none-eabi/4.8.4/armv6-m/crti.o
                0x00001dc4                _init
 .init          0x00001dc8        0x8 c:/freescale/kds_v3/toolchain/bin/../lib/gcc/arm-none-eabi/4.8.4/armv6-m/crtn.o
 *(.fini)
 .fini          0x00001dd0        0x4 c:/freescale/kds_v3/toolchain/bin/../lib/gcc/arm-none-eabi/4.8.4/armv6-m/crti.o
                0x00001dd0                _fini
 .fini          0x00001dd4        0x8 c:/freescale/kds_v3/toolchain/bin/../lib/gcc/arm-none-eabi/4.8.4/armv6-m/crtn.o
                0x00001ddc                . = ALIGN (0x4)
                0x00001ddc                _etext = .

.vfp11_veneer   0x00001ddc        0x0
 .vfp11_veneer  0x00000000        0x0 linker stubs

.v4_bx          0x00001ddc        0x0
 .v4_bx         0x00000000        0x0 linker stubs

.iplt           0x00001ddc        0x0
 .iplt          0x00000000        0x0 c:/freescale/kds_v3/toolchain/bin/../lib/gcc/arm-none-eabi/4.8.4/armv6-m/crtbegin.o

.ARM.extab
 *(.ARM.extab* .gnu.linkonce.armextab.*)

.ARM            0x00001ddc        0x8
                0x00001ddc                __exidx_start = .
 *(.ARM.exidx*)
 .ARM.exidx     0x00001ddc        0x8 c:/freescale/kds_v3/toolchain/bin/../lib/gcc/arm-none-eabi/4.8.4/../../../../arm-none-eabi/lib/armv6-m/crt0.o
                0x00001de4                __exidx_end = .

.rel.dyn        0x00001de4        0x0
 .rel.iplt      0x00000000        0x0 c:/freescale/kds_v3/toolchain/bin/../lib/gcc/arm-none-eabi/4.8.4/armv6-m/crtbegin.o

.ctors          0x00001de4        0x0
                0x00001de4                __CTOR_LIST__ = .
 *crtbegin.o(.ctors)
 *(EXCLUDE_FILE(*crtend.o) .ctors)
 *(SORT(.ctors.*))
 *(.ctors)
                0x00001de4                __CTOR_END__ = .

.dtors          0x00001de4        0x0
                0x00001de4                __DTOR_LIST__ = .
 *crtbegin.o(.dtors)
 *(EXCLUDE_FILE(*crtend.o) .dtors)
 *(SORT(.dtors.*))
 *(.dtors)
                0x00001de4                __DTOR_END__ = .

.preinit_array  0x00001de4        0x0
                0x00001de4                PROVIDE (__preinit_array_start, .)
 *(.preinit_array*)
                0x00001de4                PROVIDE (__preinit_array_end, .)

.init_array     0x00001de4        0x4
                0x00001de4                PROVIDE (__init_array_start, .)
 *(SORT(.init_array.*))
 *(.init_array*)
 .init_array    0x00001de4        0x4 c:/freescale/kds_v3/toolchain/bin/../lib/gcc/arm-none-eabi/4.8.4/armv6-m/crtbegin.o
                0x00001de8                PROVIDE (__init_array_end, .)

.fini_array     0x00001de8        0x4
                0x00001de8                PROVIDE (__fini_array_start, .)
 *(SORT(.fini_array.*))
 *(.fini_array*)
 .fini_array    0x00001de8        0x4 c:/freescale/kds_v3/toolchain/bin/../lib/gcc/arm-none-eabi/4.8.4/armv6-m/crtbegin.o
                0x00001dec                PROVIDE (__fini_array_end, .)
                0x00001dec                ___ROM_AT = .

.mtb            0x1ffff000        0x0
                0x1ffff000                . = ALIGN (0x8)
                0x1ffff000                _mtb_start = .
 *(.mtb_buf)
                0x1ffff000                . = ALIGN (0x8)
                0x1ffff000                _mtb_end = .

.data           0x1ffff000       0x60 load address 0x00001dec
                0x1ffff000                . = ALIGN (0x4)
                0x1ffff000                _sdata = .
 *(.data)
 *(.data*)
 .data.impure_data
                0x1ffff000       0x60 c:/freescale/kds_v3/toolchain/bin/../lib/gcc/arm-none-eabi/4.8.4/../../../../arm-none-eabi/lib/armv6-m\libg_s.a(lib_a-impure.o)
                0x1ffff060                . = ALIGN (0x4)
                0x1ffff060                _edata = .
                0x00000060                ___data_size = (_edata - _sdata)

.jcr            0x1ffff060        0x0 load address 0x00001e4c
 .jcr           0x1ffff060        0x0 c:/freescale/kds_v3/toolchain/bin/../lib/gcc/arm-none-eabi/4.8.4/armv6-m/crtbegin.o

.igot.plt       0x1ffff060        0x0 load address 0x00001e4c
 .igot.plt      0x00000000        0x0 c:/freescale/kds_v3/toolchain/bin/../lib/gcc/arm-none-eabi/4.8.4/armv6-m/crtbegin.o
                0x1ffff060                . = ALIGN (0x4)

.bss            0x1ffff060      0x1a0 load address 0x00001e4c
                0x1ffff060                __START_BSS = .
                0x1ffff060                PROVIDE (__bss_start__, __START_BSS)
 *(.bss)
 .bss           0x1ffff060       0x1c c:/freescale/kds_v3/toolchain/bin/../lib/gcc/arm-none-eabi/4.8.4/armv6-m/crtbegin.o
 *(.bss*)
 .bss.value     0x1ffff07c        0x1 ./Sources/main.o
 .bss.ModeFlg   0x1ffff07d        0x1 ./Generated_Code/AD1.o
 *fill*         0x1ffff07e        0x2 
 .bss.SampleGroup
                0x1ffff080        0x4 ./Generated_Code/AD1.o
 .bss.OutFlg    0x1ffff084        0x1 ./Generated_Code/AD1.o
 *fill*         0x1ffff085        0x1 
 .bss.SerFlag   0x1ffff086        0x2 ./Generated_Code/AS1.o
 .bss.AS1_InpLen
                0x1ffff088        0x2 ./Generated_Code/AS1.o
 .bss.InpIndexR
                0x1ffff08a        0x2 ./Generated_Code/AS1.o
 .bss.InpIndexW
                0x1ffff08c        0x2 ./Generated_Code/AS1.o
 *fill*         0x1ffff08e        0x2 
 .bss.InpBuffer
                0x1ffff090       0x64 ./Generated_Code/AS1.o
 .bss.BufferRead
                0x1ffff0f4        0x1 ./Generated_Code/AS1.o
 *fill*         0x1ffff0f5        0x1 
 .bss.AS1_OutLen
                0x1ffff0f6        0x2 ./Generated_Code/AS1.o
 .bss.OutIndexR
                0x1ffff0f8        0x2 ./Generated_Code/AS1.o
 .bss.OutIndexW
                0x1ffff0fa        0x2 ./Generated_Code/AS1.o
 .bss.OutBuffer
                0x1ffff0fc       0x64 ./Generated_Code/AS1.o
 .bss.OnFreeTxBufSemaphore
                0x1ffff160        0x1 ./Generated_Code/AS1.o
 *fill*         0x1ffff161        0x3 
 .bss.DeviceDataPrv__DEFAULT_RTOS_ALLOC
                0x1ffff164       0x20 ./Generated_Code/ASerialLdd1.o
 .bss.INT_UART0__DEFAULT_RTOS_ISRPARAM
                0x1ffff184        0x4 ./Generated_Code/ASerialLdd1.o
 .bss.DeviceDataPrv__DEFAULT_RTOS_ALLOC
                0x1ffff188        0x8 ./Generated_Code/AdcLdd1.o
 .bss.INT_ADC0__DEFAULT_RTOS_ISRPARAM
                0x1ffff190        0x4 ./Generated_Code/AdcLdd1.o
 .bss.DeviceDataPrv__DEFAULT_RTOS_ALLOC
                0x1ffff194        0x4 ./Generated_Code/Bit1.o
 .bss.SR_lock   0x1ffff198        0x1 ./Generated_Code/Cpu.o
                0x1ffff198                SR_lock
 *fill*         0x1ffff199        0x3 
 .bss.PE_LDD_DeviceDataList
                0x1ffff19c       0x1c ./Generated_Code/PE_LDD.o
                0x1ffff19c                PE_LDD_DeviceDataList
 .bss.DeviceDataPrv__DEFAULT_RTOS_ALLOC
                0x1ffff1b8        0xc ./Generated_Code/PwmLdd1.o
 .bss.DeviceDataPrv__DEFAULT_RTOS_ALLOC
                0x1ffff1c4        0xc ./Generated_Code/PwmLdd2.o
 .bss.DeviceDataPrv__DEFAULT_RTOS_ALLOC
                0x1ffff1d0        0xc ./Generated_Code/TU1.o
 .bss.INT_TPM1__DEFAULT_RTOS_ISRPARAM
                0x1ffff1dc        0x4 ./Generated_Code/TU1.o
 .bss.DeviceDataPrv__DEFAULT_RTOS_ALLOC
                0x1ffff1e0        0xc ./Generated_Code/TU2.o
 .bss.INT_TPM2__DEFAULT_RTOS_ISRPARAM
                0x1ffff1ec        0x4 ./Generated_Code/TU2.o
 *(COMMON)
 COMMON         0x1ffff1f0        0x8 ./Generated_Code/AD1.o
                0x1ffff1f0                AD1_OutV
                0x1ffff1f4                AdcLdd1_DeviceDataPtr
 COMMON         0x1ffff1f8        0x4 ./Generated_Code/AS1.o
                0x1ffff1f8                ASerialLdd1_DeviceDataPtr
 COMMON         0x1ffff1fc        0x1 ./Generated_Code/Cpu.o
                0x1ffff1fc                SR_reg
                0x1ffff200                . = ALIGN (0x4)
 *fill*         0x1ffff1fd        0x3 
                0x1ffff200                __END_BSS = .
                0x1ffff200                PROVIDE (__bss_end__, __END_BSS)
                0x00001e4c                _romp_at = (___ROM_AT + SIZEOF (.data))

.romp           0x1ffff200       0x18 load address 0x00001e4c
                0x00001e4c                __S_romp = _romp_at
                0x1ffff200        0x4 LONG 0x1dec ___ROM_AT
                0x1ffff204        0x4 LONG 0x1ffff000 _sdata
                0x1ffff208        0x4 LONG 0x60 ___data_size
                0x1ffff20c        0x4 LONG 0x0
                0x1ffff210        0x4 LONG 0x0
                0x1ffff214        0x4 LONG 0x0
                0x00020000                text_end = (ORIGIN (m_text) + 0x1fbf0)
                0x00001e64                data_init_end = ((___ROM_AT + SIZEOF (.data)) + SIZEOF (.romp))
                0x00000001                ASSERT ((data_init_end <= text_end), region m_text overflowed with text and data)

._user_heap_stack
                0x1ffff218      0x400 load address 0x00001e64
                0x1ffff218                . = ALIGN (0x4)
                0x1ffff218                PROVIDE (end, .)
                0x1ffff218                PROVIDE (_end, .)
                0x1ffff218                PROVIDE (__end__, .)
                0x1ffff218                __heap_addr = .
                0x1ffff218                __HeapBase = .
                0x1ffff218                . = (. + __heap_size)
                0x1ffff218                __HeapLimit = .
                0x1ffff618                . = (. + __stack_size)
 *fill*         0x1ffff218      0x400 
                0x1ffff618                . = ALIGN (0x4)

.ARM.attributes
                0x00000000       0x28
 *(.ARM.attributes)
 .ARM.attributes
                0x00000000       0x1e c:/freescale/kds_v3/toolchain/bin/../lib/gcc/arm-none-eabi/4.8.4/armv6-m/crti.o
 .ARM.attributes
                0x0000001e       0x2c c:/freescale/kds_v3/toolchain/bin/../lib/gcc/arm-none-eabi/4.8.4/armv6-m/crtbegin.o
 .ARM.attributes
                0x0000004a       0x1b c:/freescale/kds_v3/toolchain/bin/../lib/gcc/arm-none-eabi/4.8.4/../../../../arm-none-eabi/lib/armv6-m/crt0.o
 .ARM.attributes
                0x00000065       0x32 ./Sources/Events.o
 .ARM.attributes
                0x00000097       0x32 ./Sources/main.o
 .ARM.attributes
                0x000000c9       0x32 ./Project_Settings/Startup_Code/startup.o
 .ARM.attributes
                0x000000fb       0x32 ./Generated_Code/AD1.o
 .ARM.attributes
                0x0000012d       0x32 ./Generated_Code/AS1.o
 .ARM.attributes
                0x0000015f       0x32 ./Generated_Code/ASerialLdd1.o
 .ARM.attributes
                0x00000191       0x32 ./Generated_Code/AdcLdd1.o
 .ARM.attributes
                0x000001c3       0x32 ./Generated_Code/Bit1.o
 .ARM.attributes
                0x000001f5       0x32 ./Generated_Code/Cpu.o
 .ARM.attributes
                0x00000227       0x32 ./Generated_Code/PE_LDD.o
 .ARM.attributes
                0x00000259       0x32 ./Generated_Code/PWM1.o
 .ARM.attributes
                0x0000028b       0x32 ./Generated_Code/PWM2.o
 .ARM.attributes
                0x000002bd       0x32 ./Generated_Code/PwmLdd1.o
 .ARM.attributes
                0x000002ef       0x32 ./Generated_Code/PwmLdd2.o
 .ARM.attributes
                0x00000321       0x32 ./Generated_Code/TU1.o
 .ARM.attributes
                0x00000353       0x32 ./Generated_Code/TU2.o
 .ARM.attributes
                0x00000385       0x32 ./Generated_Code/Vectors.o
 .ARM.attributes
                0x000003b7       0x1e c:/freescale/kds_v3/toolchain/bin/../lib/gcc/arm-none-eabi/4.8.4/armv6-m\libgcc.a(_udivsi3.o)
 .ARM.attributes
                0x000003d5       0x1e c:/freescale/kds_v3/toolchain/bin/../lib/gcc/arm-none-eabi/4.8.4/armv6-m\libgcc.a(_dvmd_tls.o)
 .ARM.attributes
                0x000003f3       0x2c c:/freescale/kds_v3/toolchain/bin/../lib/gcc/arm-none-eabi/4.8.4/../../../../arm-none-eabi/lib/armv6-m\libg_s.a(lib_a-exit.o)
 .ARM.attributes
                0x0000041f       0x2c c:/freescale/kds_v3/toolchain/bin/../lib/gcc/arm-none-eabi/4.8.4/../../../../arm-none-eabi/lib/armv6-m\libg_s.a(lib_a-impure.o)
 .ARM.attributes
                0x0000044b       0x2c c:/freescale/kds_v3/toolchain/bin/../lib/gcc/arm-none-eabi/4.8.4/../../../../arm-none-eabi/lib/armv6-m\libg_s.a(lib_a-init.o)
 .ARM.attributes
                0x00000477       0x2c c:/freescale/kds_v3/toolchain/bin/../lib/gcc/arm-none-eabi/4.8.4/../../../../arm-none-eabi/lib/armv6-m\libg_s.a(lib_a-memset.o)
 .ARM.attributes
                0x000004a3       0x2c c:/freescale/kds_v3/toolchain/bin/../lib/gcc/arm-none-eabi/4.8.4/../../../../arm-none-eabi/lib/armv6-m\libnosys.a(_exit.o)
 .ARM.attributes
                0x000004cf       0x1e c:/freescale/kds_v3/toolchain/bin/../lib/gcc/arm-none-eabi/4.8.4/armv6-m/crtn.o
OUTPUT(lab5.elf elf32-littlearm)

.debug_info     0x00000000     0x425a
 .debug_info    0x00000000      0x152 ./Sources/Events.o
 .debug_info    0x00000152       0xee ./Sources/main.o
 .debug_info    0x00000240      0x20a ./Project_Settings/Startup_Code/startup.o
 .debug_info    0x0000044a      0x23b ./Generated_Code/AD1.o
 .debug_info    0x00000685      0x509 ./Generated_Code/AS1.o
 .debug_info    0x00000b8e      0x820 ./Generated_Code/ASerialLdd1.o
 .debug_info    0x000013ae      0x8d9 ./Generated_Code/AdcLdd1.o
 .debug_info    0x00001c87      0x306 ./Generated_Code/Bit1.o
 .debug_info    0x00001f8d      0x842 ./Generated_Code/Cpu.o
 .debug_info    0x000027cf      0x251 ./Generated_Code/PE_LDD.o
 .debug_info    0x00002a20       0xb2 ./Generated_Code/PWM1.o
 .debug_info    0x00002ad2       0xb2 ./Generated_Code/PWM2.o
 .debug_info    0x00002b84      0x309 ./Generated_Code/PwmLdd1.o
 .debug_info    0x00002e8d      0x309 ./Generated_Code/PwmLdd2.o
 .debug_info    0x00003196      0x7db ./Generated_Code/TU1.o
 .debug_info    0x00003971      0x7db ./Generated_Code/TU2.o
 .debug_info    0x0000414c      0x10e ./Generated_Code/Vectors.o

.debug_abbrev   0x00000000     0x13e8
 .debug_abbrev  0x00000000       0x90 ./Sources/Events.o
 .debug_abbrev  0x00000090       0x95 ./Sources/main.o
 .debug_abbrev  0x00000125      0x11e ./Project_Settings/Startup_Code/startup.o
 .debug_abbrev  0x00000243      0x150 ./Generated_Code/AD1.o
 .debug_abbrev  0x00000393      0x1d6 ./Generated_Code/AS1.o
 .debug_abbrev  0x00000569      0x1b8 ./Generated_Code/ASerialLdd1.o
 .debug_abbrev  0x00000721      0x1d2 ./Generated_Code/AdcLdd1.o
 .debug_abbrev  0x000008f3      0x10d ./Generated_Code/Bit1.o
 .debug_abbrev  0x00000a00      0x14f ./Generated_Code/Cpu.o
 .debug_abbrev  0x00000b4f      0x10d ./Generated_Code/PE_LDD.o
 .debug_abbrev  0x00000c5c       0x68 ./Generated_Code/PWM1.o
 .debug_abbrev  0x00000cc4       0x68 ./Generated_Code/PWM2.o
 .debug_abbrev  0x00000d2c      0x13c ./Generated_Code/PwmLdd1.o
 .debug_abbrev  0x00000e68      0x13c ./Generated_Code/PwmLdd2.o
 .debug_abbrev  0x00000fa4      0x1d0 ./Generated_Code/TU1.o
 .debug_abbrev  0x00001174      0x1d0 ./Generated_Code/TU2.o
 .debug_abbrev  0x00001344       0xa4 ./Generated_Code/Vectors.o

.debug_aranges  0x00000000      0x470
 .debug_aranges
                0x00000000       0x68 ./Sources/Events.o
 .debug_aranges
                0x00000068       0x20 ./Sources/main.o
 .debug_aranges
                0x00000088       0x50 ./Project_Settings/Startup_Code/startup.o
 .debug_aranges
                0x000000d8       0x48 ./Generated_Code/AD1.o
 .debug_aranges
                0x00000120       0x88 ./Generated_Code/AS1.o
 .debug_aranges
                0x000001a8       0x50 ./Generated_Code/ASerialLdd1.o
 .debug_aranges
                0x000001f8       0x60 ./Generated_Code/AdcLdd1.o
 .debug_aranges
                0x00000258       0x28 ./Generated_Code/Bit1.o
 .debug_aranges
                0x00000280       0x38 ./Generated_Code/Cpu.o
 .debug_aranges
                0x000002b8       0x30 ./Generated_Code/PE_LDD.o
 .debug_aranges
                0x000002e8       0x20 ./Generated_Code/PWM1.o
 .debug_aranges
                0x00000308       0x20 ./Generated_Code/PWM2.o
 .debug_aranges
                0x00000328       0x48 ./Generated_Code/PwmLdd1.o
 .debug_aranges
                0x00000370       0x48 ./Generated_Code/PwmLdd2.o
 .debug_aranges
                0x000003b8       0x50 ./Generated_Code/TU1.o
 .debug_aranges
                0x00000408       0x50 ./Generated_Code/TU2.o
 .debug_aranges
                0x00000458       0x18 ./Generated_Code/Vectors.o

.debug_ranges   0x00000000      0x358
 .debug_ranges  0x00000000       0x58 ./Sources/Events.o
 .debug_ranges  0x00000058       0x10 ./Sources/main.o
 .debug_ranges  0x00000068       0x40 ./Project_Settings/Startup_Code/startup.o
 .debug_ranges  0x000000a8       0x38 ./Generated_Code/AD1.o
 .debug_ranges  0x000000e0       0x78 ./Generated_Code/AS1.o
 .debug_ranges  0x00000158       0x40 ./Generated_Code/ASerialLdd1.o
 .debug_ranges  0x00000198       0x50 ./Generated_Code/AdcLdd1.o
 .debug_ranges  0x000001e8       0x18 ./Generated_Code/Bit1.o
 .debug_ranges  0x00000200       0x28 ./Generated_Code/Cpu.o
 .debug_ranges  0x00000228       0x20 ./Generated_Code/PE_LDD.o
 .debug_ranges  0x00000248       0x10 ./Generated_Code/PWM1.o
 .debug_ranges  0x00000258       0x10 ./Generated_Code/PWM2.o
 .debug_ranges  0x00000268       0x38 ./Generated_Code/PwmLdd1.o
 .debug_ranges  0x000002a0       0x38 ./Generated_Code/PwmLdd2.o
 .debug_ranges  0x000002d8       0x40 ./Generated_Code/TU1.o
 .debug_ranges  0x00000318       0x40 ./Generated_Code/TU2.o

.debug_macro    0x00000000    0x13526
 .debug_macro   0x00000000      0x17f ./Sources/Events.o
 .debug_macro   0x0000017f      0x802 ./Sources/Events.o
 .debug_macro   0x00000981       0x16 ./Sources/Events.o
 .debug_macro   0x00000997       0x44 ./Sources/Events.o
 .debug_macro   0x000009db      0x209 ./Sources/Events.o
 .debug_macro   0x00000be4     0x1599 ./Sources/Events.o
 .debug_macro   0x0000217d      0x14e ./Sources/Events.o
 .debug_macro   0x000022cb       0x64 ./Sources/Events.o
 .debug_macro   0x0000232f     0x6691 ./Sources/Events.o
 .debug_macro   0x000089c0       0x94 ./Sources/Events.o
 .debug_macro   0x00008a54       0x94 ./Sources/Events.o
 .debug_macro   0x00008ae8      0x1d6 ./Sources/Events.o
 .debug_macro   0x00008cbe       0x7b ./Sources/Events.o
 .debug_macro   0x00008d39       0x3f ./Sources/Events.o
 .debug_macro   0x00008d78       0x25 ./Sources/Events.o
 .debug_macro   0x00008d9d       0x81 ./Sources/Events.o
 .debug_macro   0x00008e1e       0x3f ./Sources/Events.o
 .debug_macro   0x00008e5d       0x25 ./Sources/Events.o
 .debug_macro   0x00008e82      0x132 ./Sources/Events.o
 .debug_macro   0x00008fb4       0x2e ./Sources/Events.o
 .debug_macro   0x00008fe2       0x65 ./Sources/Events.o
 .debug_macro   0x00009047       0x20 ./Sources/Events.o
 .debug_macro   0x00009067      0x61c ./Sources/Events.o
 .debug_macro   0x00009683       0x7b ./Sources/Events.o
 .debug_macro   0x000096fe       0x10 ./Sources/Events.o
 .debug_macro   0x0000970e      0x247 ./Sources/main.o
 .debug_macro   0x00009955       0x58 ./Sources/main.o
 .debug_macro   0x000099ad       0x35 ./Sources/main.o
 .debug_macro   0x000099e2       0xa3 ./Sources/main.o
 .debug_macro   0x00009a85       0x16 ./Sources/main.o
 .debug_macro   0x00009a9b       0x97 ./Sources/main.o
 .debug_macro   0x00009b32       0x10 ./Sources/main.o
 .debug_macro   0x00009b42       0xef ./Sources/main.o
 .debug_macro   0x00009c31       0x52 ./Sources/main.o
 .debug_macro   0x00009c83       0x16 ./Sources/main.o
 .debug_macro   0x00009c99       0x43 ./Sources/main.o
 .debug_macro   0x00009cdc      0x180 ./Sources/main.o
 .debug_macro   0x00009e5c       0x10 ./Sources/main.o
 .debug_macro   0x00009e6c       0x22 ./Sources/main.o
 .debug_macro   0x00009e8e       0xbd ./Sources/main.o
 .debug_macro   0x00009f4b       0x16 ./Sources/main.o
 .debug_macro   0x00009f61      0x14a ./Sources/main.o
 .debug_macro   0x0000a0ab      0x121 ./Project_Settings/Startup_Code/startup.o
 .debug_macro   0x0000a1cc      0x166 ./Project_Settings/Startup_Code/startup.o
 .debug_macro   0x0000a332       0x4a ./Project_Settings/Startup_Code/startup.o
 .debug_macro   0x0000a37c      0x2a6 ./Project_Settings/Startup_Code/startup.o
 .debug_macro   0x0000a622       0x10 ./Project_Settings/Startup_Code/startup.o
 .debug_macro   0x0000a632       0x35 ./Project_Settings/Startup_Code/startup.o
 .debug_macro   0x0000a667       0x16 ./Project_Settings/Startup_Code/startup.o
 .debug_macro   0x0000a67d       0x22 ./Project_Settings/Startup_Code/startup.o
 .debug_macro   0x0000a69f       0x10 ./Project_Settings/Startup_Code/startup.o
 .debug_macro   0x0000a6af      0x20f ./Project_Settings/Startup_Code/startup.o
 .debug_macro   0x0000a8be     0x6685 ./Project_Settings/Startup_Code/startup.o
 .debug_macro   0x00010f43      0x197 ./Generated_Code/AD1.o
 .debug_macro   0x000110da       0x9a ./Generated_Code/AD1.o
 .debug_macro   0x00011174      0x208 ./Generated_Code/AS1.o
 .debug_macro   0x0001137c       0x5f ./Generated_Code/AS1.o
 .debug_macro   0x000113db       0xc5 ./Generated_Code/ASerialLdd1.o
 .debug_macro   0x000114a0       0x26 ./Generated_Code/ASerialLdd1.o
 .debug_macro   0x000114c6      0x2fd ./Generated_Code/ASerialLdd1.o
 .debug_macro   0x000117c3      0x99c ./Generated_Code/ASerialLdd1.o
 .debug_macro   0x0001215f       0xd3 ./Generated_Code/AdcLdd1.o
 .debug_macro   0x00012232      0x616 ./Generated_Code/AdcLdd1.o
 .debug_macro   0x00012848       0xa6 ./Generated_Code/Bit1.o
 .debug_macro   0x000128ee      0x12c ./Generated_Code/Bit1.o
 .debug_macro   0x00012a1a      0x18f ./Generated_Code/Cpu.o
 .debug_macro   0x00012ba9      0x14d ./Generated_Code/PE_LDD.o
 .debug_macro   0x00012cf6      0x179 ./Generated_Code/PWM1.o
 .debug_macro   0x00012e6f      0x179 ./Generated_Code/PWM2.o
 .debug_macro   0x00012fe8       0xd0 ./Generated_Code/PwmLdd1.o
 .debug_macro   0x000130b8       0xd0 ./Generated_Code/PwmLdd2.o
 .debug_macro   0x00013188       0x7b ./Generated_Code/PwmLdd2.o
 .debug_macro   0x00013203       0xca ./Generated_Code/TU1.o
 .debug_macro   0x000132cd       0xca ./Generated_Code/TU2.o
 .debug_macro   0x00013397      0x18f ./Generated_Code/Vectors.o

.debug_line     0x00000000     0x3bbd
 .debug_line    0x00000000      0x3aa ./Sources/Events.o
 .debug_line    0x000003aa      0x3c3 ./Sources/main.o
 .debug_line    0x0000076d      0x3b8 ./Project_Settings/Startup_Code/startup.o
 .debug_line    0x00000b25      0x3d4 ./Generated_Code/AD1.o
 .debug_line    0x00000ef9      0x5b8 ./Generated_Code/AS1.o
 .debug_line    0x000014b1      0x370 ./Generated_Code/ASerialLdd1.o
 .debug_line    0x00001821      0x360 ./Generated_Code/AdcLdd1.o
 .debug_line    0x00001b81      0x265 ./Generated_Code/Bit1.o
 .debug_line    0x00001de6      0x453 ./Generated_Code/Cpu.o
 .debug_line    0x00002239      0x31d ./Generated_Code/PE_LDD.o
 .debug_line    0x00002556      0x34c ./Generated_Code/PWM1.o
 .debug_line    0x000028a2      0x34c ./Generated_Code/PWM2.o
 .debug_line    0x00002bee      0x2e1 ./Generated_Code/PwmLdd1.o
 .debug_line    0x00002ecf      0x2db ./Generated_Code/PwmLdd2.o
 .debug_line    0x000031aa      0x318 ./Generated_Code/TU1.o
 .debug_line    0x000034c2      0x318 ./Generated_Code/TU2.o
 .debug_line    0x000037da      0x3e3 ./Generated_Code/Vectors.o

.debug_str      0x00000000    0x42587
 .debug_str     0x00000000    0x338cd ./Sources/Events.o
                              0x33cc9 (size before relaxing)
 .debug_str     0x000338cd     0x1f5e ./Sources/main.o
                              0x35bf3 (size before relaxing)
 .debug_str     0x0003582b     0x10c3 ./Project_Settings/Startup_Code/startup.o
                              0x27305 (size before relaxing)
 .debug_str     0x000368ee      0x146 ./Generated_Code/AD1.o
                              0x33d82 (size before relaxing)
 .debug_str     0x00036a34      0x303 ./Generated_Code/AS1.o
                              0x33fa5 (size before relaxing)
 .debug_str     0x00036d37     0xac1a ./Generated_Code/ASerialLdd1.o
                              0x36f68 (size before relaxing)
 .debug_str     0x00041951      0x309 ./Generated_Code/AdcLdd1.o
                              0x3139a (size before relaxing)
 .debug_str     0x00041c5a       0x98 ./Generated_Code/Bit1.o
                              0x2caef (size before relaxing)
 .debug_str     0x00041cf2      0x19c ./Generated_Code/Cpu.o
                              0x33f29 (size before relaxing)
 .debug_str     0x00041e8e      0x177 ./Generated_Code/PE_LDD.o
                              0x33ddd (size before relaxing)
 .debug_str     0x00042005       0x27 ./Generated_Code/PWM1.o
                              0x33c48 (size before relaxing)
 .debug_str     0x0004202c       0x27 ./Generated_Code/PWM2.o
                              0x33c48 (size before relaxing)
 .debug_str     0x00042053      0x11b ./Generated_Code/PwmLdd1.o
                              0x2e021 (size before relaxing)
 .debug_str     0x0004216e       0x89 ./Generated_Code/PwmLdd2.o
                              0x2e022 (size before relaxing)
 .debug_str     0x000421f7      0x25a ./Generated_Code/TU1.o
                              0x2e17f (size before relaxing)
 .debug_str     0x00042451      0x11a ./Generated_Code/TU2.o
                              0x2e180 (size before relaxing)
 .debug_str     0x0004256b       0x1c ./Generated_Code/Vectors.o
                              0x33c70 (size before relaxing)

.comment        0x00000000       0x70
 .comment       0x00000000       0x70 ./Sources/Events.o
                                 0x71 (size before relaxing)
 .comment       0x00000000       0x71 ./Sources/main.o
 .comment       0x00000000       0x71 ./Project_Settings/Startup_Code/startup.o
 .comment       0x00000000       0x71 ./Generated_Code/AD1.o
 .comment       0x00000000       0x71 ./Generated_Code/AS1.o
 .comment       0x00000000       0x71 ./Generated_Code/ASerialLdd1.o
 .comment       0x00000000       0x71 ./Generated_Code/AdcLdd1.o
 .comment       0x00000000       0x71 ./Generated_Code/Bit1.o
 .comment       0x00000000       0x71 ./Generated_Code/Cpu.o
 .comment       0x00000000       0x71 ./Generated_Code/PE_LDD.o
 .comment       0x00000000       0x71 ./Generated_Code/PWM1.o
 .comment       0x00000000       0x71 ./Generated_Code/PWM2.o
 .comment       0x00000000       0x71 ./Generated_Code/PwmLdd1.o
 .comment       0x00000000       0x71 ./Generated_Code/PwmLdd2.o
 .comment       0x00000000       0x71 ./Generated_Code/TU1.o
 .comment       0x00000000       0x71 ./Generated_Code/TU2.o
 .comment       0x00000000       0x71 ./Generated_Code/Vectors.o

.debug_frame    0x00000000      0xca8
 .debug_frame   0x00000000      0x128 ./Sources/Events.o
 .debug_frame   0x00000128       0x2c ./Sources/main.o
 .debug_frame   0x00000154       0xd0 ./Project_Settings/Startup_Code/startup.o
 .debug_frame   0x00000224       0xc8 ./Generated_Code/AD1.o
 .debug_frame   0x000002ec      0x1c4 ./Generated_Code/AS1.o
 .debug_frame   0x000004b0       0xf8 ./Generated_Code/ASerialLdd1.o
 .debug_frame   0x000005a8      0x130 ./Generated_Code/AdcLdd1.o
 .debug_frame   0x000006d8       0x50 ./Generated_Code/Bit1.o
 .debug_frame   0x00000728       0x80 ./Generated_Code/Cpu.o
 .debug_frame   0x000007a8       0x6c ./Generated_Code/PE_LDD.o
 .debug_frame   0x00000814       0x30 ./Generated_Code/PWM1.o
 .debug_frame   0x00000844       0x30 ./Generated_Code/PWM2.o
 .debug_frame   0x00000874       0xd0 ./Generated_Code/PwmLdd1.o
 .debug_frame   0x00000944       0xd0 ./Generated_Code/PwmLdd2.o
 .debug_frame   0x00000a14       0xf0 ./Generated_Code/TU1.o
 .debug_frame   0x00000b04       0xf0 ./Generated_Code/TU2.o
 .debug_frame   0x00000bf4       0x20 c:/freescale/kds_v3/toolchain/bin/../lib/gcc/arm-none-eabi/4.8.4/armv6-m\libgcc.a(_udivsi3.o)
 .debug_frame   0x00000c14       0x28 c:/freescale/kds_v3/toolchain/bin/../lib/gcc/arm-none-eabi/4.8.4/../../../../arm-none-eabi/lib/armv6-m\libg_s.a(lib_a-exit.o)
 .debug_frame   0x00000c3c       0x2c c:/freescale/kds_v3/toolchain/bin/../lib/gcc/arm-none-eabi/4.8.4/../../../../arm-none-eabi/lib/armv6-m\libg_s.a(lib_a-init.o)
 .debug_frame   0x00000c68       0x20 c:/freescale/kds_v3/toolchain/bin/../lib/gcc/arm-none-eabi/4.8.4/../../../../arm-none-eabi/lib/armv6-m\libg_s.a(lib_a-memset.o)
 .debug_frame   0x00000c88       0x20 c:/freescale/kds_v3/toolchain/bin/../lib/gcc/arm-none-eabi/4.8.4/../../../../arm-none-eabi/lib/armv6-m\libnosys.a(_exit.o)
